###############################################################################
#
# IAR ELF Linker V9.10.2.313/W64 for ARM                  25/Jul/2021  22:47:16
# Copyright 2007-2021 IAR Systems AB.
#
#    Output file  =
#        C:\Users\Andre\Desktop\TM4C1294_RTOS_IAR9-main\Projects\prodcons\ewarm\Exe\prodcons.out
#    Map file     =
#        C:\Users\Andre\Desktop\TM4C1294_RTOS_IAR9-main\Projects\prodcons\ewarm\List\prodcons.map
#    Command line =
#        -f
#        C:\Users\Andre\Desktop\TM4C1294_RTOS_IAR9-main\Projects\prodcons\ewarm\Exe\prodcons.out.rsp
#        (C:\Users\Andre\Desktop\TM4C1294_RTOS_IAR9-main\Projects\prodcons\ewarm\Obj\driverleds.o
#        C:\Users\Andre\Desktop\TM4C1294_RTOS_IAR9-main\TivaWare_C_Series-2.1.4.178\driverlib\ewarm\Exe\driverlib.a
#        C:\Users\Andre\Desktop\TM4C1294_RTOS_IAR9-main\Projects\prodcons\ewarm\Obj\prodcons.o
#        C:\Users\Andre\Desktop\TM4C1294_RTOS_IAR9-main\CMSIS-5.6.0\CMSIS\RTOS2\RTX\Library\IAR\IDE\CM4F\Exe\RTX_CM.a
#        C:\Users\Andre\Desktop\TM4C1294_RTOS_IAR9-main\Projects\prodcons\ewarm\Obj\RTX_Config.o
#        C:\Users\Andre\Desktop\TM4C1294_RTOS_IAR9-main\Projects\prodcons\ewarm\Obj\rtx_lib.o
#        C:\Users\Andre\Desktop\TM4C1294_RTOS_IAR9-main\Projects\prodcons\ewarm\Obj\startup_TM4C1294.o
#        C:\Users\Andre\Desktop\TM4C1294_RTOS_IAR9-main\Projects\prodcons\ewarm\Obj\system_TM4C1294_TW.o
#        --no_out_extension -o
#        C:\Users\Andre\Desktop\TM4C1294_RTOS_IAR9-main\Projects\prodcons\ewarm\Exe\prodcons.out
#        --map
#        C:\Users\Andre\Desktop\TM4C1294_RTOS_IAR9-main\Projects\prodcons\ewarm\List\prodcons.map
#        --config "C:\Program Files\IAR Systems\Embedded Workbench
#        9.0\arm\config\linker\TexasInstruments\TM4C1294NC.icf" --semihosting
#        --entry __iar_program_start --vfe --text_out locale)
#
###############################################################################

*******************************************************************************
*** RUNTIME MODEL ATTRIBUTES
***

CppFlavor       = *
__SystemLibrary = DLib
__dlib_version  = 6


*******************************************************************************
*** HEAP SELECTION
***

The basic heap was selected because some modules are built with
size limitations (and not runtime checking), and --advanced_heap
was not specified.


*******************************************************************************
*** PLACEMENT SUMMARY
***

"A0":  place at address 0x0 { ro section .intvec };
"P1":  place in [from 0x0 to 0xf'ffff] { ro };
define block CSTACK with size = 32K, alignment = 8 { };
define block HEAP with size = 64K, alignment = 8 { };
"P2":  place in [from 0x2000'0000 to 0x2003'ffff] {
          rw, block CSTACK, block HEAP };
initialize by copy { rw };

  Section               Kind         Address    Size  Object
  -------               ----         -------    ----  ------
"A0":                                          0x3c0
  .intvec               ro code          0x0   0x3c0  startup_TM4C1294.o [1]
                                     - 0x3c0   0x3c0

"P1":                                         0x248d
  .text                 ro code        0x3c0   0x7bc  rtx_thread.o [2]
  .text                 ro code        0xb7c     0x2  rtx_evr.o [2]
  .text                 ro code        0xb7e     0x2  rtx_evr.o [2]
  .text                 ro code        0xb80     0x2  rtx_evr.o [2]
  .text                 ro code        0xb82     0x2  rtx_evr.o [2]
  .text                 ro code        0xb84     0x2  rtx_evr.o [2]
  .text                 ro code        0xb86     0x2  rtx_evr.o [2]
  .text                 ro code        0xb88     0x2  rtx_evr.o [2]
  .text                 ro code        0xb8a     0x2  rtx_evr.o [2]
  .text                 ro code        0xb8c     0x2  rtx_evr.o [2]
  .text                 ro code        0xb8e     0x2  rtx_evr.o [2]
  .text                 ro code        0xb90    0x28  rtx_thread.o [2]
  .text                 ro code        0xbb8     0x2  rtx_evr.o [2]
  .text                 ro code        0xbba     0x2  rtx_evr.o [2]
  .text                 ro code        0xbbc     0x2  rtx_evr.o [2]
  .text                 ro code        0xbbe    0x3a  packbits_init_single.o [5]
  .text                 ro code        0xbf8    0xe6  rtx_mempool.o [2]
  .text                 ro code        0xcde     0x2  rtx_evr.o [2]
  .text                 ro code        0xce0    0x84  rtx_memory.o [2]
  .text                 ro code        0xd64     0x6  ABImemclr4.o [5]
  .text                 ro code        0xd6a     0x2  rtx_evr.o [2]
  .text                 ro code        0xd6c    0x4a  rtx_memory.o [2]
  .text                 ro code        0xdb6     0x2  RTX_Config.o [1]
  .text                 ro code        0xdb8    0x52  rtx_mutex.o [2]
  .text                 ro code        0xe0a     0x2  rtx_evr.o [2]
  .text                 ro code        0xe0c     0x2  rtx_evr.o [2]
  .text                 ro code        0xe0e     0x2  rtx_evr.o [2]
  .text                 ro code        0xe10     0x2  rtx_evr.o [2]
  .text                 ro code        0xe12     0x2  rtx_evr.o [2]
  .text                 ro code        0xe14     0x2  RTX_Config.o [1]
  .text                 ro code        0xe16     0x2  rtx_evr.o [2]
  .text                 ro code        0xe18     0x2  rtx_evr.o [2]
  .text                 ro code        0xe1a     0x2  rtx_evr.o [2]
  .text                 ro code        0xe1c     0x2  rtx_evr.o [2]
  .text                 ro code        0xe1e     0x2  startup_TM4C1294.o [1]
  .text                 ro code        0xe20    0x32  ABImemset48.o [5]
  .text                 ro code        0xe52     0x2  rtx_evr.o [2]
  .text                 ro code        0xe54     0x2  rtx_evr.o [2]
  .text                 ro code        0xe56     0x2  rtx_evr.o [2]
  .text                 ro code        0xe58   0x61c  rtx_msgqueue.o [2]
  .text                 ro code       0x1474    0xa6  ABImemcpy.o [5]
  .text                 ro code       0x151a     0x2  rtx_evr.o [2]
  .text                 ro code       0x151c     0x2  rtx_evr.o [2]
  .text                 ro code       0x151e     0x2  rtx_evr.o [2]
  .text                 ro code       0x1520     0x6  ABImemclr.o [5]
  .text                 ro code       0x1526     0x2  rtx_evr.o [2]
  .text                 ro code       0x1528     0x2  rtx_evr.o [2]
  .text                 ro code       0x152a     0x2  rtx_evr.o [2]
  .text                 ro code       0x152c     0x2  rtx_evr.o [2]
  .text                 ro code       0x152e     0x2  rtx_evr.o [2]
  .text                 ro code       0x1530     0x2  rtx_evr.o [2]
  .text                 ro code       0x1532     0x2  rtx_evr.o [2]
  .text                 ro code       0x1534   0x174  rtx_system.o [2]
  .text                 ro code       0x16a8     0x2  rtx_evr.o [2]
  .text                 ro code       0x16aa     0x2  rtx_evr.o [2]
  .text                 ro code       0x16ac    0x5e  ABImemset.o [5]
  .text                 ro code       0x170c     0xc  os_systick.o [2]
  .text                 ro code       0x1718   0x2a0  sysctl.o [4]
  .text                 ro code       0x19b8   0x294  rtx_kernel.o [2]
  .text                 ro code       0x1c4c     0x2  rtx_evr.o [2]
  .text                 ro code       0x1c4e    0x44  rtx_memory.o [2]
  .text                 ro code       0x1c92     0x2  rtx_evr.o [2]
  .text                 ro code       0x1c94     0x2  rtx_evr.o [2]
  .text                 ro code       0x1c98    0x40  os_systick.o [2]
  .text                 ro code       0x1cd8     0x6  os_systick.o [2]
  .text                 ro code       0x1ce0    0x2c  os_systick.o [2]
  .text                 ro code       0x1d0c     0x2  rtx_evr.o [2]
  .text                 ro code       0x1d0e     0x2  rtx_lib.o [1]
  .text                 ro code       0x1d10     0x2  rtx_evr.o [2]
  .text                 ro code       0x1d12     0x2  rtx_evr.o [2]
  .text                 ro code       0x1d14     0x2  rtx_evr.o [2]
  .rodata               const         0x1d18   0x1b0  sysctl.o [4]
  .text                 ro code       0x1ec8   0x170  driverleds.o [1]
  .text                 ro code       0x2038   0x14e  gpio.o [4]
  .text                 ro code       0x2188   0x128  rtx_semaphore.o [2]
  .text                 ro code       0x22b0     0x2  rtx_evr.o [2]
  .text                 ro code       0x22b2     0x2  rtx_evr.o [2]
  .text                 ro code       0x22b4     0x2  rtx_evr.o [2]
  .text                 ro code       0x22b6     0x2  rtx_evr.o [2]
  .text                 ro code       0x22b8    0xf4  prodcons.o [1]
  .text                 ro code       0x23ac    0x64  rtx_delay.o [2]
  .text                 ro code       0x2410    0x2c  system_TM4C1294_TW.o [1]
  .text                 ro code       0x243c     0x2  rtx_evr.o [2]
  .text                 ro code       0x243e     0x2  rtx_evr.o [2]
  .text                 ro code       0x2440     0x2  rtx_evr.o [2]
  .text                 ro code       0x2444    0xc4  irq_cm4f.o [2]
  .text                 ro code       0x2508    0x90  rtx_timer.o [2]
  .rodata               const         0x2598    0x6c  sysctl.o [4]
  .rodata               const         0x2604    0x68  rtx_lib.o [1]
  .text                 ro code       0x266c    0x44  rtx_timer.o [2]
  .text                 ro code       0x26b0     0x2  rtx_evr.o [2]
  .text                 ro code       0x26b2    0x38  zero_init3.o [5]
  .rodata               const         0x26ec    0x30  sysctl.o [4]
  .text                 ro code       0x271c    0x28  data_init.o [5]
  .rodata               const         0x2744    0x24  rtx_lib.o [1]
  .rodata               const         0x2768    0x24  rtx_lib.o [1]
  .iar.init_table       const         0x278c    0x20  - Linker created -
  .text                 ro code       0x27ac    0x1e  cmain.o [5]
  .text                 ro code       0x27ca     0x4  low_level_init.o [3]
  .text                 ro code       0x27ce     0x4  exit.o [3]
  .text                 ro code       0x27d4     0xa  cexit.o [5]
  .text                 ro code       0x27e0    0x14  exit.o [6]
  .text                 ro code       0x27f4    0x1c  cstartup_M.o [5]
  .text                 ro code       0x2810    0x14  startup_TM4C1294.o [1]
  .rodata               const         0x2824    0x18  rtx_lib.o [1]
  .rodata               const         0x283c     0x4  rtx_lib.o [1]
  .rodata               const         0x2840     0x0  zero_init3.o [5]
  .rodata               const         0x2840     0x0  packbits_init_single.o [5]
  Initializer bytes     const         0x2840     0xd  <for P2-1>
                                    - 0x284d  0x248d

"P2", part 1 of 3:                              0xa4
  P2-1                           0x2000'0000    0xa4  <Init block>
    .data.os            inited   0x2000'0000    0xa4  rtx_kernel.o [2]
                               - 0x2000'00a4    0xa4

"P2", part 2 of 3:                            0x136c
  .bss.os               zero     0x2000'00a8  0x1000  rtx_lib.o [1]
  .bss.os.thread.stack  zero     0x2000'10a8   0x100  rtx_lib.o [1]
  .bss.os.thread.stack  zero     0x2000'11a8   0x100  rtx_lib.o [1]
  .bss.os.msgqueue.mem  zero     0x2000'12a8    0x50  rtx_lib.o [1]
  .bss.os.thread.cb     zero     0x2000'12f8    0x44  rtx_lib.o [1]
  .bss.os.thread.cb     zero     0x2000'133c    0x44  rtx_lib.o [1]
  .bss.os               zero     0x2000'1380    0x40  rtx_lib.o [1]
  .bss.os.msgqueue.cb   zero     0x2000'13c0    0x34  rtx_lib.o [1]
  .bss                  zero     0x2000'13f4    0x18  prodcons.o [1]
  .bss                  zero     0x2000'140c     0x1  os_systick.o [2]
                               - 0x2000'140d  0x1369

"P2", part 3 of 3:                            0x8008
  .noinit               uninit   0x2000'1410     0x4  system_TM4C1294_TW.o [1]
  CSTACK                         0x2000'1418  0x8000  <Block>
    CSTACK              uninit   0x2000'1418  0x8000  <Block tail>
                               - 0x2000'9418  0x8008

Unused ranges:

         From           To      Size
         ----           --      ----
       0x284d     0xf'ffff  0xf'd7b3
  0x2000'9418  0x2003'ffff  0x3'6be8


*******************************************************************************
*** INIT TABLE
***

          Address      Size
          -------      ----
Zero (__iar_zero_init3)
    1 destination range, total size 0x1365:
          0x2000'00a8  0x1365

Copy/packbits (__iar_packbits_init_single3)
    1 source range, total size 0xd (7% of destination):
               0x2840     0xd
    1 destination range, total size 0xa4:
          0x2000'0000    0xa4



*******************************************************************************
*** MODULE SUMMARY
***

    Module                  ro code  ro data  rw data
    ------                  -------  -------  -------
command line/config:
    -------------------------------------------------
    Total:

C:\Users\Andre\Desktop\TM4C1294_RTOS_IAR9-main\Projects\prodcons\ewarm\Obj: [1]
    RTX_Config.o                  4
    driverleds.o                368
    prodcons.o                  244                24
    rtx_lib.o                     2      204    4'940
    startup_TM4C1294.o          982
    system_TM4C1294_TW.o         44                 4
    -------------------------------------------------
    Total:                    1'644      204    4'968

RTX_CM.a: [2]
    irq_cm4f.o                  196
    os_systick.o                126                 1
    rtx_delay.o                 100
    rtx_evr.o                   108
    rtx_kernel.o                660       13      164
    rtx_memory.o                274
    rtx_mempool.o               230
    rtx_msgqueue.o            1'564
    rtx_mutex.o                  82
    rtx_semaphore.o             296
    rtx_system.o                372
    rtx_thread.o              2'020
    rtx_timer.o                 212
    -------------------------------------------------
    Total:                    6'240       13      165

dl7M_tln.a: [3]
    exit.o                        4
    low_level_init.o              4
    -------------------------------------------------
    Total:                        8

driverlib.a: [4]
    gpio.o                      334
    sysctl.o                    672      588
    -------------------------------------------------
    Total:                    1'006      588

rt7M_tl.a: [5]
    ABImemclr.o                   6
    ABImemclr4.o                  6
    ABImemcpy.o                 166
    ABImemset.o                  94
    ABImemset48.o                50
    cexit.o                      10
    cmain.o                      30
    cstartup_M.o                 28
    data_init.o                  40
    packbits_init_single.o       58
    zero_init3.o                 56
    -------------------------------------------------
    Total:                      544

shb_l.a: [6]
    exit.o                       20
    -------------------------------------------------
    Total:                       20

    Gaps                         14        4        4
    Linker created                        32   32'768
-----------------------------------------------------
    Grand Total:              9'476      841   37'905


*******************************************************************************
*** ENTRY LIST
***

Entry                       Address    Size  Type      Object
-----                       -------    ----  ----      ------
.iar.init_table$$Base        0x278c           --   Gb  - Linker created -
.iar.init_table$$Limit       0x27ac           --   Gb  - Linker created -
?main                        0x27ad          Code  Gb  cmain.o [5]
CSTACK$$Base            0x2000'1418           --   Gb  - Linker created -
CSTACK$$Limit           0x2000'9418           --   Gb  - Linker created -
EvrRtxDelay                  0x243f     0x2  Code  Gb  rtx_evr.o [2]
EvrRtxDelayCompleted          0xb7d     0x2  Code  Gb  rtx_evr.o [2]
EvrRtxDelayError             0x2441     0x2  Code  Gb  rtx_evr.o [2]
EvrRtxDelayStarted           0x243d     0x2  Code  Gb  rtx_evr.o [2]
EvrRtxEventFlagsWaitTimeout
                              0xb81     0x2  Code  Gb  rtx_evr.o [2]
EvrRtxKernelError            0x1c4d     0x2  Code  Gb  rtx_evr.o [2]
EvrRtxKernelGetState         0x1c95     0x2  Code  Gb  rtx_evr.o [2]
EvrRtxKernelInitialize       0x1d11     0x2  Code  Gb  rtx_evr.o [2]
EvrRtxKernelInitialized
                             0x1c93     0x2  Code  Gb  rtx_evr.o [2]
EvrRtxKernelStart            0x1d13     0x2  Code  Gb  rtx_evr.o [2]
EvrRtxKernelStarted          0x1d0d     0x2  Code  Gb  rtx_evr.o [2]
EvrRtxMemoryAlloc             0xe1d     0x2  Code  Gb  rtx_evr.o [2]
EvrRtxMemoryBlockAlloc        0xe19     0x2  Code  Gb  rtx_evr.o [2]
EvrRtxMemoryBlockFree         0xe1b     0x2  Code  Gb  rtx_evr.o [2]
EvrRtxMemoryBlockInit         0xe17     0x2  Code  Gb  rtx_evr.o [2]
EvrRtxMemoryFree              0xe53     0x2  Code  Gb  rtx_evr.o [2]
EvrRtxMemoryInit             0x1d15     0x2  Code  Gb  rtx_evr.o [2]
EvrRtxMemoryPoolAllocTimeout
                              0xb87     0x2  Code  Gb  rtx_evr.o [2]
EvrRtxMessageQueueCreated
                             0x1527     0x2  Code  Gb  rtx_evr.o [2]
EvrRtxMessageQueueError
                             0x151f     0x2  Code  Gb  rtx_evr.o [2]
EvrRtxMessageQueueGet        0x16ab     0x2  Code  Gb  rtx_evr.o [2]
EvrRtxMessageQueueGetPending
                             0x152d     0x2  Code  Gb  rtx_evr.o [2]
EvrRtxMessageQueueGetTimeout
                              0xb89     0x2  Code  Gb  rtx_evr.o [2]
EvrRtxMessageQueueInsertPending
                             0x16a9     0x2  Code  Gb  rtx_evr.o [2]
EvrRtxMessageQueueInserted
                             0x151b     0x2  Code  Gb  rtx_evr.o [2]
EvrRtxMessageQueueNew        0x1531     0x2  Code  Gb  rtx_evr.o [2]
EvrRtxMessageQueueNotInserted
                             0x152b     0x2  Code  Gb  rtx_evr.o [2]
EvrRtxMessageQueueNotRetrieved
                             0x152f     0x2  Code  Gb  rtx_evr.o [2]
EvrRtxMessageQueuePut        0x1533     0x2  Code  Gb  rtx_evr.o [2]
EvrRtxMessageQueuePutPending
                             0x1529     0x2  Code  Gb  rtx_evr.o [2]
EvrRtxMessageQueuePutTimeout
                              0xb8b     0x2  Code  Gb  rtx_evr.o [2]
EvrRtxMessageQueueRetrieved
                             0x151d     0x2  Code  Gb  rtx_evr.o [2]
EvrRtxMutexAcquireTimeout
                              0xb83     0x2  Code  Gb  rtx_evr.o [2]
EvrRtxMutexAcquired           0xe57     0x2  Code  Gb  rtx_evr.o [2]
EvrRtxMutexReleased           0xe55     0x2  Code  Gb  rtx_evr.o [2]
EvrRtxSemaphoreAcquireTimeout
                              0xb85     0x2  Code  Gb  rtx_evr.o [2]
EvrRtxSemaphoreAcquired
                             0x22b1     0x2  Code  Gb  rtx_evr.o [2]
EvrRtxSemaphoreCreated       0x22b3     0x2  Code  Gb  rtx_evr.o [2]
EvrRtxSemaphoreError         0x22b5     0x2  Code  Gb  rtx_evr.o [2]
EvrRtxSemaphoreNew           0x22b7     0x2  Code  Gb  rtx_evr.o [2]
EvrRtxThreadBlocked           0xbbb     0x2  Code  Gb  rtx_evr.o [2]
EvrRtxThreadCreated           0xd6b     0x2  Code  Gb  rtx_evr.o [2]
EvrRtxThreadDestroyed         0xe0d     0x2  Code  Gb  rtx_evr.o [2]
EvrRtxThreadError             0xcdf     0x2  Code  Gb  rtx_evr.o [2]
EvrRtxThreadExit              0xe13     0x2  Code  Gb  rtx_evr.o [2]
EvrRtxThreadFlagsWaitCompleted
                              0xbbd     0x2  Code  Gb  rtx_evr.o [2]
EvrRtxThreadFlagsWaitTimeout
                              0xb7f     0x2  Code  Gb  rtx_evr.o [2]
EvrRtxThreadJoined            0xe0b     0x2  Code  Gb  rtx_evr.o [2]
EvrRtxThreadNew               0xe0f     0x2  Code  Gb  rtx_evr.o [2]
EvrRtxThreadPreempted         0xb8f     0x2  Code  Gb  rtx_evr.o [2]
EvrRtxThreadSwitched          0xbb9     0x2  Code  Gb  rtx_evr.o [2]
EvrRtxThreadUnblocked         0xb8d     0x2  Code  Gb  rtx_evr.o [2]
EvrRtxThreadYield             0xe11     0x2  Code  Gb  rtx_evr.o [2]
EvrRtxTimerCallback          0x26b1     0x2  Code  Gb  rtx_evr.o [2]
GPIODirModeSet               0x2039    0x28  Code  Gb  gpio.o [4]
GPIOPadConfigSet             0x2061   0x102  Code  Gb  gpio.o [4]
GPIOPinTypeGPIOOutput        0x216b     0xa  Code  Gb  gpio.o [4]
GPIOPinWrite                 0x2163     0x8  Code  Gb  gpio.o [4]
LEDInit                      0x1ec9    0xac  Code  Gb  driverleds.o [1]
LEDOn                        0x1f7d    0x3a  Code  Gb  driverleds.o [1]
LEDWrite                     0x1fcd    0x58  Code  Gb  driverleds.o [1]
MessageQueueGet               0xea5    0x40  Code  Lc  rtx_msgqueue.o [2]
MessageQueuePut               0xe59    0x4a  Code  Lc  rtx_msgqueue.o [2]
MessageQueueRemove            0xee5    0x1a  Code  Lc  rtx_msgqueue.o [2]
OS_Tick_AcknowledgeIRQ       0x170d     0xc  Code  Gb  os_systick.o [2]
OS_Tick_Enable               0x1ce1    0x2c  Code  Gb  os_systick.o [2]
OS_Tick_GetIRQn              0x1cd9     0x6  Code  Gb  os_systick.o [2]
OS_Tick_Setup                0x1c99    0x40  Code  Gb  os_systick.o [2]
PendST                  0x2000'140c     0x1  Data  Lc  os_systick.o [2]
PendSV_Handler               0x24dd          Code  Gb  irq_cm4f.o [2]
Region$$Table$$Base          0x278c           --   Gb  - Linker created -
Region$$Table$$Limit         0x27ac           --   Gb  - Linker created -
SVC_Handler                  0x2445          Code  Gb  irq_cm4f.o [2]
SysCtlClockFreqSet           0x177b   0x1fc  Code  Gb  sysctl.o [4]
SysCtlPeripheralEnable       0x175d     0x8  Code  Gb  sysctl.o [4]
SysCtlPeripheralReady        0x173b     0x8  Code  Gb  sysctl.o [4]
SysTick_Handler              0x24ed          Code  Gb  irq_cm4f.o [2]
SystemCoreClock         0x2000'1410     0x4  Data  Gb  system_TM4C1294_TW.o [1]
SystemInit                   0x2411    0x1a  Code  Gb  system_TM4C1294_TW.o [1]
ThreadFlagsCheck              0x3c1    0x6c  Code  Lc  rtx_thread.o [2]
TimerInsert                  0x2509    0x38  Code  Lc  rtx_timer.o [2]
_SysCtlMemTimingGet          0x1719    0x22  Code  Lc  sysctl.o [4]
__Vectors                       0x0           --   Gb  startup_TM4C1294.o [1]
__Vectors_End                 0x3c0          Data  Gb  startup_TM4C1294.o [1]
__Vectors_Size {Abs}          0x3c0           --   Gb  startup_TM4C1294.o [1]
__aeabi_memclr               0x1521          Code  Gb  ABImemclr.o [5]
__aeabi_memclr4               0xd65          Code  Gb  ABImemclr4.o [5]
__aeabi_memcpy               0x1475          Code  Gb  ABImemcpy.o [5]
__aeabi_memcpy4              0x1495          Code  Gb  ABImemcpy.o [5]
__aeabi_memcpy8              0x1495          Code  Gb  ABImemcpy.o [5]
__cmain                      0x27ad          Code  Gb  cmain.o [5]
__exit                       0x27e1    0x14  Code  Gb  exit.o [6]
__iar_Memset4_word            0xe21          Code  Gb  ABImemset48.o [5]
__iar_Memset8_word            0xe21          Code  Gb  ABImemset48.o [5]
__iar_Memset_word            0x16ad          Code  Gb  ABImemset.o [5]
__iar_data_init3             0x271d    0x28  Code  Gb  data_init.o [5]
__iar_init_vfp               0x2819          Code  Wk  startup_TM4C1294.o [1]
__iar_packbits_init_single3
                              0xbbf    0x3a  Code  Gb  packbits_init_single.o [5]
__iar_program_start          0x27f5          Code  Gb  cstartup_M.o [5]
__iar_zero_init3             0x26b3    0x38  Code  Gb  zero_init3.o [5]
__low_level_init             0x27cb     0x4  Code  Gb  low_level_init.o [3]
__vector_table                  0x0          Data  Gb  startup_TM4C1294.o [1]
__vector_table_0x1c            0x1c          Data  Gb  startup_TM4C1294.o [1]
_call_main                   0x27b9          Code  Gb  cmain.o [5]
_exit                        0x27d5          Code  Gb  cexit.o [5]
cheio_id                0x2000'1400     0x4  Data  Gb  prodcons.o [1]
consumidor                   0x22f1    0x50  Code  Gb  prodcons.o [1]
consumidor_id           0x2000'13f8     0x4  Data  Gb  prodcons.o [1]
count                   0x2000'1408     0x4  Data  Gb  prodcons.o [1]
exit                         0x27cf     0x4  Code  Gb  exit.o [3]
g_pppui32XTALtoVCO           0x1d18   0x1b0  Data  Lc  sysctl.o [4]
g_pui32VCOFrequencies        0x19b0     0x8  Data  Lc  sysctl.o [4]
g_pui32Xtals                 0x2598    0x6c  Data  Lc  sysctl.o [4]
g_sXTALtoMEMTIM              0x26ec    0x30  Data  Lc  sysctl.o [4]
main                         0x2341    0x60  Code  Gb  prodcons.o [1]
message_id              0x2000'1404     0x4  Data  Gb  prodcons.o [1]
osDelay                      0x23d1    0x38  Code  Gb  rtx_delay.o [2]
osKernelGetState             0x1bb1    0x40  Code  Gb  rtx_kernel.o [2]
osKernelInitialize           0x1b79    0x38  Code  Gb  rtx_kernel.o [2]
osKernelStart                0x1bf1    0x34  Code  Gb  rtx_kernel.o [2]
osMessageQueueGet            0x13d1    0x90  Code  Gb  rtx_msgqueue.o [2]
osMessageQueueNew            0x12f9    0x3e  Code  Gb  rtx_msgqueue.o [2]
osMessageQueuePut            0x1339    0x98  Code  Gb  rtx_msgqueue.o [2]
osRtxConfig                  0x2604    0x68  Data  Gb  rtx_lib.o [1]
osRtxErrorNotify              0xe15     0x2  Code  Gb  RTX_Config.o [1]
osRtxIdleThread               0xdb7     0x2  Code  Gb  RTX_Config.o [1]
osRtxInfo               0x2000'0000    0xa4  Data  Gb  rtx_kernel.o [2]
osRtxKernelPreInit           0x1d0f     0x2  Code  Gb  rtx_lib.o [1]
osRtxMemoryAlloc              0xce1    0x84  Code  Gb  rtx_memory.o [2]
osRtxMemoryFree               0xd6d    0x4a  Code  Gb  rtx_memory.o [2]
osRtxMemoryInit              0x1c4f    0x44  Code  Gb  rtx_memory.o [2]
osRtxMemoryPoolAlloc          0xc45    0x44  Code  Gb  rtx_mempool.o [2]
osRtxMemoryPoolFree           0xc89    0x56  Code  Gb  rtx_mempool.o [2]
osRtxMemoryPoolInit           0xbf9    0x4a  Code  Gb  rtx_mempool.o [2]
osRtxMessageQueuePostProcess
                              0xeff    0xe6  Code  Lc  rtx_msgqueue.o [2]
osRtxMutexOwnerRelease        0xdb9    0x52  Code  Gb  rtx_mutex.o [2]
osRtxPendSV_Handler          0x15a5    0x8a  Code  Gb  rtx_system.o [2]
osRtxPostProcess             0x1631    0x6e  Code  Gb  rtx_system.o [2]
osRtxSemaphorePostProcess
                             0x2189    0x42  Code  Lc  rtx_semaphore.o [2]
osRtxThreadBlock              0x629    0x34  Code  Lc  rtx_thread.o [2]
osRtxThreadDelayInsert        0x481    0x62  Code  Lc  rtx_thread.o [2]
osRtxThreadDelayRemove        0x4e3    0x44  Code  Lc  rtx_thread.o [2]
osRtxThreadDelayTick          0x527    0xee  Code  Gb  rtx_thread.o [2]
osRtxThreadDispatch           0x679    0x54  Code  Gb  rtx_thread.o [2]
osRtxThreadFree               0x9a9    0x56  Code  Lc  rtx_thread.o [2]
osRtxThreadListGet            0x44f    0x14  Code  Gb  rtx_thread.o [2]
osRtxThreadListPut            0x42d    0x22  Code  Gb  rtx_thread.o [2]
osRtxThreadListRemove         0x463    0x16  Code  Gb  rtx_thread.o [2]
osRtxThreadPostProcess        0x741    0x54  Code  Lc  rtx_thread.o [2]
osRtxThreadReadyPut           0x479     0x8  Code  Gb  rtx_thread.o [2]
osRtxThreadRegPtr             0x615    0x14  Code  Gb  rtx_thread.o [2]
osRtxThreadStackCheck         0xb91    0x28  Code  Gb  rtx_thread.o [2]
osRtxThreadStartup            0xa91    0x30  Code  Gb  rtx_thread.o [2]
osRtxThreadSwitch             0x65d    0x1c  Code  Gb  rtx_thread.o [2]
osRtxThreadWaitEnter          0x707    0x3a  Code  Gb  rtx_thread.o [2]
osRtxThreadWaitExit           0x6d3    0x2e  Code  Gb  rtx_thread.o [2]
osRtxTick_Handler            0x1535    0x6e  Code  Gb  rtx_system.o [2]
osRtxTimerThread             0x266d    0x44  Code  Gb  rtx_timer.o [2]
osRtxTimerTick               0x2541    0x54  Code  Lc  rtx_timer.o [2]
osRtxUserSVC                 0x283c     0x4  Data  Gb  rtx_lib.o [1]
osSemaphoreNew               0x2265    0x3e  Code  Gb  rtx_semaphore.o [2]
osThreadExit                  0xb45    0x16  Code  Gb  rtx_thread.o [2]
osThreadNew                   0xac5    0x40  Code  Gb  rtx_thread.o [2]
osThreadYield                 0xb09    0x36  Code  Gb  rtx_thread.o [2]
os_idle_thread_attr          0x2744    0x24  Data  Lc  rtx_lib.o [1]
os_idle_thread_cb       0x2000'12f8    0x44  Data  Lc  rtx_lib.o [1]
os_idle_thread_stack    0x2000'10a8   0x100  Data  Lc  rtx_lib.o [1]
os_isr_queue            0x2000'1380    0x40  Data  Lc  rtx_lib.o [1]
os_mem                  0x2000'00a8  0x1000  Data  Lc  rtx_lib.o [1]
os_timer_mq_attr             0x2824    0x18  Data  Lc  rtx_lib.o [1]
os_timer_mq_cb          0x2000'13c0    0x34  Data  Lc  rtx_lib.o [1]
os_timer_mq_data        0x2000'12a8    0x50  Data  Lc  rtx_lib.o [1]
os_timer_thread_attr         0x2768    0x24  Data  Lc  rtx_lib.o [1]
os_timer_thread_cb      0x2000'133c    0x44  Data  Lc  rtx_lib.o [1]
os_timer_thread_stack   0x2000'11a8   0x100  Data  Lc  rtx_lib.o [1]
produtor                     0x22b9    0x38  Code  Gb  prodcons.o [1]
produtor_id             0x2000'13f4     0x4  Data  Gb  prodcons.o [1]
svcRtxDelay                  0x23ad    0x24  Code  Lc  rtx_delay.o [2]
svcRtxKernelGetState         0x1acf    0x12  Code  Lc  rtx_kernel.o [2]
svcRtxKernelInitialize       0x19b9   0x116  Code  Lc  rtx_kernel.o [2]
svcRtxKernelStart            0x1ae1    0x96  Code  Lc  rtx_kernel.o [2]
svcRtxMessageQueueGet        0x11e9    0xe8  Code  Lc  rtx_msgqueue.o [2]
svcRtxMessageQueueNew         0xfe5   0x130  Code  Lc  rtx_msgqueue.o [2]
svcRtxMessageQueuePut        0x1115    0xd4  Code  Lc  rtx_msgqueue.o [2]
svcRtxSemaphoreNew           0x21cb    0x98  Code  Lc  rtx_semaphore.o [2]
svcRtxThreadExit              0x9ff    0x8e  Code  Lc  rtx_thread.o [2]
svcRtxThreadNew               0x795   0x1cc  Code  Lc  rtx_thread.o [2]
svcRtxThreadYield             0x967    0x42  Code  Lc  rtx_thread.o [2]
vazio_id                0x2000'13fc     0x4  Data  Gb  prodcons.o [1]


[1] = C:\Users\Andre\Desktop\TM4C1294_RTOS_IAR9-main\Projects\prodcons\ewarm\Obj
[2] = RTX_CM.a
[3] = dl7M_tln.a
[4] = driverlib.a
[5] = rt7M_tl.a
[6] = shb_l.a

   9'476 bytes of readonly  code memory
     841 bytes of readonly  data memory
  37'905 bytes of readwrite data memory

Errors: none
Warnings: none
